// Jest Snapshot v1, https://goo.gl/fbAQLP

exports[`Test Form in react native 1`] = `
<View>
  <TextInput
    onChangeText={[Function]}
    placeholder="name"
    value="Hadi Maher"
  />
  <View
    accessibilityRole="button"
    accessible={true}
    collapsable={false}
    focusable={true}
    onClick={[Function]}
    onResponderGrant={[Function]}
    onResponderMove={[Function]}
    onResponderRelease={[Function]}
    onResponderTerminate={[Function]}
    onResponderTerminationRequest={[Function]}
    onStartShouldSetResponder={[Function]}
    style={
      Object {
        "opacity": 1,
      }
    }
    testID="print-button"
  >
    <View
      style={
        Array [
          Object {},
        ]
      }
    >
      <Text
        style={
          Array [
            Object {
              "color": "#007AFF",
              "fontSize": 18,
              "margin": 8,
              "textAlign": "center",
            },
          ]
        }
      >
        print
      </Text>
    </View>
  </View>
  <Text
    testID="printed-username"
  >
    Hadi Maher
  </Text>
</View>
`;
